C:\Users\User\source\repos\CarDiagnosticApp\NewPage1.cs(7,1): error CS1525: Недопустимый термин "<" в выражении [C:\Users\User\source\repos\CarDiagnosticApp\CarDiagnosticApp.csproj::TargetFramework=net10.0-ios]
C:\Users\User\source\repos\CarDiagnosticApp\NewPage1.cs(7,2): error CS1525: Недопустимый термин "?" в выражении [C:\Users\User\source\repos\CarDiagnosticApp\CarDiagnosticApp.csproj::TargetFramework=net10.0-ios]
C:\Users\User\source\repos\CarDiagnosticApp\NewPage1.cs(7,8): error CS1003: Синтаксическая ошибка, требуется ":" [C:\Users\User\source\repos\CarDiagnosticApp\CarDiagnosticApp.csproj::TargetFramework=net10.0-ios]
C:\Users\User\source\repos\CarDiagnosticApp\NewPage1.cs(7,24): error CS1002: Требуется ";". [C:\Users\User\source\repos\CarDiagnosticApp\CarDiagnosticApp.csproj::TargetFramework=net10.0-ios]
C:\Users\User\source\repos\CarDiagnosticApp\NewPage1.cs(7,44): error CS1525: Недопустимый термин ">" в выражении [C:\Users\User\source\repos\CarDiagnosticApp\CarDiagnosticApp.csproj::TargetFramework=net10.0-ios]
C:\Users\User\source\repos\CarDiagnosticApp\NewPage1.cs(8,1): error CS1525: Недопустимый термин "<" в выражении [C:\Users\User\source\repos\CarDiagnosticApp\CarDiagnosticApp.csproj::TargetFramework=net10.0-ios]
C:\Users\User\source\repos\CarDiagnosticApp\NewPage1.cs(8,15): error CS1003: Синтаксическая ошибка, требуется ":" [C:\Users\User\source\repos\CarDiagnosticApp\CarDiagnosticApp.csproj::TargetFramework=net10.0-ios]
C:\Users\User\source\repos\CarDiagnosticApp\NewPage1.cs(8,70): error CS1002: Требуется ";". [C:\Users\User\source\repos\CarDiagnosticApp\CarDiagnosticApp.csproj::TargetFramework=net10.0-ios]
C:\Users\User\source\repos\CarDiagnosticApp\NewPage1.cs(9,71): error CS1002: Требуется ";". [C:\Users\User\source\repos\CarDiagnosticApp\CarDiagnosticApp.csproj::TargetFramework=net10.0-ios]
C:\Users\User\source\repos\CarDiagnosticApp\NewPage1.cs(10,54): error CS1002: Требуется ";". [C:\Users\User\source\repos\CarDiagnosticApp\CarDiagnosticApp.csproj::TargetFramework=net10.0-ios]
C:\Users\User\source\repos\CarDiagnosticApp\NewPage1.cs(14,5): error CS1525: Недопустимый термин "<" в выражении [C:\Users\User\source\repos\CarDiagnosticApp\CarDiagnosticApp.csproj::TargetFramework=net10.0-ios]
C:\Users\User\source\repos\CarDiagnosticApp\NewPage1.cs(15,9): error CS1525: Недопустимый термин "<" в выражении [C:\Users\User\source\repos\CarDiagnosticApp\CarDiagnosticApp.csproj::TargetFramework=net10.0-ios]
C:\Users\User\source\repos\CarDiagnosticApp\NewPage1.cs(15,31): error CS1002: Требуется ";". [C:\Users\User\source\repos\CarDiagnosticApp\CarDiagnosticApp.csproj::TargetFramework=net10.0-ios]
C:\Users\User\source\repos\CarDiagnosticApp\NewPage1.cs(15,46): error CS1002: Требуется ";". [C:\Users\User\source\repos\CarDiagnosticApp\CarDiagnosticApp.csproj::TargetFramework=net10.0-ios]
C:\Users\User\source\repos\CarDiagnosticApp\NewPage1.cs(16,13): error CS1525: Недопустимый термин "<" в выражении [C:\Users\User\source\repos\CarDiagnosticApp\CarDiagnosticApp.csproj::TargetFramework=net10.0-ios]
C:\Users\User\source\repos\CarDiagnosticApp\NewPage1.cs(16,21): error CS1002: Требуется ";". [C:\Users\User\source\repos\CarDiagnosticApp\CarDiagnosticApp.csproj::TargetFramework=net10.0-ios]
C:\Users\User\source\repos\CarDiagnosticApp\NewPage1.cs(16,44): error CS1002: Требуется ";". [C:\Users\User\source\repos\CarDiagnosticApp\CarDiagnosticApp.csproj::TargetFramework=net10.0-ios]
C:\Users\User\source\repos\CarDiagnosticApp\NewPage1.cs(17,41): error CS1002: Требуется ";". [C:\Users\User\source\repos\CarDiagnosticApp\CarDiagnosticApp.csproj::TargetFramework=net10.0-ios]
C:\Users\User\source\repos\CarDiagnosticApp\NewPage1.cs(18,37): error CS1525: Недопустимый термин ">" в выражении [C:\Users\User\source\repos\CarDiagnosticApp\CarDiagnosticApp.csproj::TargetFramework=net10.0-ios]
C:\Users\User\source\repos\CarDiagnosticApp\NewPage1.cs(21,13): error CS1525: Недопустимый термин "<" в выражении [C:\Users\User\source\repos\CarDiagnosticApp\CarDiagnosticApp.csproj::TargetFramework=net10.0-ios]
C:\Users\User\source\repos\CarDiagnosticApp\NewPage1.cs(21,22): error CS1002: Требуется ";". [C:\Users\User\source\repos\CarDiagnosticApp\CarDiagnosticApp.csproj::TargetFramework=net10.0-ios]
C:\Users\User\source\repos\CarDiagnosticApp\NewPage1.cs(21,44): error CS1002: Требуется ";". [C:\Users\User\source\repos\CarDiagnosticApp\CarDiagnosticApp.csproj::TargetFramework=net10.0-ios]
C:\Users\User\source\repos\CarDiagnosticApp\NewPage1.cs(22,48): error CS1002: Требуется ";". [C:\Users\User\source\repos\CarDiagnosticApp\CarDiagnosticApp.csproj::TargetFramework=net10.0-ios]
C:\Users\User\source\repos\CarDiagnosticApp\NewPage1.cs(23,40): error CS1002: Требуется ";". [C:\Users\User\source\repos\CarDiagnosticApp\CarDiagnosticApp.csproj::TargetFramework=net10.0-ios]
C:\Users\User\source\repos\CarDiagnosticApp\NewPage1.cs(24,48): error CS1525: Недопустимый термин ">" в выражении [C:\Users\User\source\repos\CarDiagnosticApp\CarDiagnosticApp.csproj::TargetFramework=net10.0-ios]
C:\Users\User\source\repos\CarDiagnosticApp\NewPage1.cs(25,9): error CS1525: Недопустимый термин "<" в выражении [C:\Users\User\source\repos\CarDiagnosticApp\CarDiagnosticApp.csproj::TargetFramework=net10.0-ios]
C:\Users\User\source\repos\CarDiagnosticApp\NewPage1.cs(25,10): error CS1525: Недопустимый термин "/" в выражении [C:\Users\User\source\repos\CarDiagnosticApp\CarDiagnosticApp.csproj::TargetFramework=net10.0-ios]
C:\Users\User\source\repos\CarDiagnosticApp\NewPage1.cs(26,5): error CS1525: Недопустимый термин "<" в выражении [C:\Users\User\source\repos\CarDiagnosticApp\CarDiagnosticApp.csproj::TargetFramework=net10.0-ios]
C:\Users\User\source\repos\CarDiagnosticApp\NewPage1.cs(26,6): error CS1525: Недопустимый термин "/" в выражении [C:\Users\User\source\repos\CarDiagnosticApp\CarDiagnosticApp.csproj::TargetFramework=net10.0-ios]
C:\Users\User\source\repos\CarDiagnosticApp\NewPage1.cs(27,1): error CS1525: Недопустимый термин "<" в выражении [C:\Users\User\source\repos\CarDiagnosticApp\CarDiagnosticApp.csproj::TargetFramework=net10.0-ios]
C:\Users\User\source\repos\CarDiagnosticApp\NewPage1.cs(27,2): error CS1525: Недопустимый термин "/" в выражении [C:\Users\User\source\repos\CarDiagnosticApp\CarDiagnosticApp.csproj::TargetFramework=net10.0-ios]
C:\Users\User\source\repos\CarDiagnosticApp\NewPage1.cs(27,17): error CS1733: Требуется выражение. [C:\Users\User\source\repos\CarDiagnosticApp\CarDiagnosticApp.csproj::TargetFramework=net10.0-ios]
C:\Users\User\source\repos\CarDiagnosticApp\NewPage1.cs(27,17): error CS1002: Требуется ";". [C:\Users\User\source\repos\CarDiagnosticApp\CarDiagnosticApp.csproj::TargetFramework=net10.0-ios]
C:\Users\User\source\repos\CarDiagnosticApp\NewPage1.cs(7,1): error CS1525: Недопустимый термин "<" в выражении [C:\Users\User\source\repos\CarDiagnosticApp\CarDiagnosticApp.csproj::TargetFramework=net10.0-maccatalyst]
C:\Users\User\source\repos\CarDiagnosticApp\NewPage1.cs(7,2): error CS1525: Недопустимый термин "?" в выражении [C:\Users\User\source\repos\CarDiagnosticApp\CarDiagnosticApp.csproj::TargetFramework=net10.0-maccatalyst]
C:\Users\User\source\repos\CarDiagnosticApp\NewPage1.cs(7,8): error CS1003: Синтаксическая ошибка, требуется ":" [C:\Users\User\source\repos\CarDiagnosticApp\CarDiagnosticApp.csproj::TargetFramework=net10.0-maccatalyst]
C:\Users\User\source\repos\CarDiagnosticApp\NewPage1.cs(7,24): error CS1002: Требуется ";". [C:\Users\User\source\repos\CarDiagnosticApp\CarDiagnosticApp.csproj::TargetFramework=net10.0-maccatalyst]
C:\Users\User\source\repos\CarDiagnosticApp\NewPage1.cs(7,44): error CS1525: Недопустимый термин ">" в выражении [C:\Users\User\source\repos\CarDiagnosticApp\CarDiagnosticApp.csproj::TargetFramework=net10.0-maccatalyst]
C:\Users\User\source\repos\CarDiagnosticApp\NewPage1.cs(8,1): error CS1525: Недопустимый термин "<" в выражении [C:\Users\User\source\repos\CarDiagnosticApp\CarDiagnosticApp.csproj::TargetFramework=net10.0-maccatalyst]
C:\Users\User\source\repos\CarDiagnosticApp\NewPage1.cs(8,15): error CS1003: Синтаксическая ошибка, требуется ":" [C:\Users\User\source\repos\CarDiagnosticApp\CarDiagnosticApp.csproj::TargetFramework=net10.0-maccatalyst]
C:\Users\User\source\repos\CarDiagnosticApp\NewPage1.cs(8,70): error CS1002: Требуется ";". [C:\Users\User\source\repos\CarDiagnosticApp\CarDiagnosticApp.csproj::TargetFramework=net10.0-maccatalyst]
C:\Users\User\source\repos\CarDiagnosticApp\NewPage1.cs(9,71): error CS1002: Требуется ";". [C:\Users\User\source\repos\CarDiagnosticApp\CarDiagnosticApp.csproj::TargetFramework=net10.0-maccatalyst]
C:\Users\User\source\repos\CarDiagnosticApp\NewPage1.cs(10,54): error CS1002: Требуется ";". [C:\Users\User\source\repos\CarDiagnosticApp\CarDiagnosticApp.csproj::TargetFramework=net10.0-maccatalyst]
C:\Users\User\source\repos\CarDiagnosticApp\NewPage1.cs(14,5): error CS1525: Недопустимый термин "<" в выражении [C:\Users\User\source\repos\CarDiagnosticApp\CarDiagnosticApp.csproj::TargetFramework=net10.0-maccatalyst]
C:\Users\User\source\repos\CarDiagnosticApp\NewPage1.cs(15,9): error CS1525: Недопустимый термин "<" в выражении [C:\Users\User\source\repos\CarDiagnosticApp\CarDiagnosticApp.csproj::TargetFramework=net10.0-maccatalyst]
C:\Users\User\source\repos\CarDiagnosticApp\NewPage1.cs(15,31): error CS1002: Требуется ";". [C:\Users\User\source\repos\CarDiagnosticApp\CarDiagnosticApp.csproj::TargetFramework=net10.0-maccatalyst]
C:\Users\User\source\repos\CarDiagnosticApp\NewPage1.cs(15,46): error CS1002: Требуется ";". [C:\Users\User\source\repos\CarDiagnosticApp\CarDiagnosticApp.csproj::TargetFramework=net10.0-maccatalyst]
C:\Users\User\source\repos\CarDiagnosticApp\NewPage1.cs(16,13): error CS1525: Недопустимый термин "<" в выражении [C:\Users\User\source\repos\CarDiagnosticApp\CarDiagnosticApp.csproj::TargetFramework=net10.0-maccatalyst]
C:\Users\User\source\repos\CarDiagnosticApp\NewPage1.cs(16,21): error CS1002: Требуется ";". [C:\Users\User\source\repos\CarDiagnosticApp\CarDiagnosticApp.csproj::TargetFramework=net10.0-maccatalyst]
C:\Users\User\source\repos\CarDiagnosticApp\NewPage1.cs(16,44): error CS1002: Требуется ";". [C:\Users\User\source\repos\CarDiagnosticApp\CarDiagnosticApp.csproj::TargetFramework=net10.0-maccatalyst]
C:\Users\User\source\repos\CarDiagnosticApp\NewPage1.cs(17,41): error CS1002: Требуется ";". [C:\Users\User\source\repos\CarDiagnosticApp\CarDiagnosticApp.csproj::TargetFramework=net10.0-maccatalyst]
C:\Users\User\source\repos\CarDiagnosticApp\NewPage1.cs(18,37): error CS1525: Недопустимый термин ">" в выражении [C:\Users\User\source\repos\CarDiagnosticApp\CarDiagnosticApp.csproj::TargetFramework=net10.0-maccatalyst]
C:\Users\User\source\repos\CarDiagnosticApp\NewPage1.cs(21,13): error CS1525: Недопустимый термин "<" в выражении [C:\Users\User\source\repos\CarDiagnosticApp\CarDiagnosticApp.csproj::TargetFramework=net10.0-maccatalyst]
C:\Users\User\source\repos\CarDiagnosticApp\NewPage1.cs(21,22): error CS1002: Требуется ";". [C:\Users\User\source\repos\CarDiagnosticApp\CarDiagnosticApp.csproj::TargetFramework=net10.0-maccatalyst]
C:\Users\User\source\repos\CarDiagnosticApp\NewPage1.cs(21,44): error CS1002: Требуется ";". [C:\Users\User\source\repos\CarDiagnosticApp\CarDiagnosticApp.csproj::TargetFramework=net10.0-maccatalyst]
C:\Users\User\source\repos\CarDiagnosticApp\NewPage1.cs(22,48): error CS1002: Требуется ";". [C:\Users\User\source\repos\CarDiagnosticApp\CarDiagnosticApp.csproj::TargetFramework=net10.0-maccatalyst]
C:\Users\User\source\repos\CarDiagnosticApp\NewPage1.cs(23,40): error CS1002: Требуется ";". [C:\Users\User\source\repos\CarDiagnosticApp\CarDiagnosticApp.csproj::TargetFramework=net10.0-maccatalyst]
C:\Users\User\source\repos\CarDiagnosticApp\NewPage1.cs(24,48): error CS1525: Недопустимый термин ">" в выражении [C:\Users\User\source\repos\CarDiagnosticApp\CarDiagnosticApp.csproj::TargetFramework=net10.0-maccatalyst]
C:\Users\User\source\repos\CarDiagnosticApp\NewPage1.cs(25,9): error CS1525: Недопустимый термин "<" в выражении [C:\Users\User\source\repos\CarDiagnosticApp\CarDiagnosticApp.csproj::TargetFramework=net10.0-maccatalyst]
C:\Users\User\source\repos\CarDiagnosticApp\NewPage1.cs(25,10): error CS1525: Недопустимый термин "/" в выражении [C:\Users\User\source\repos\CarDiagnosticApp\CarDiagnosticApp.csproj::TargetFramework=net10.0-maccatalyst]
C:\Users\User\source\repos\CarDiagnosticApp\NewPage1.cs(26,5): error CS1525: Недопустимый термин "<" в выражении [C:\Users\User\source\repos\CarDiagnosticApp\CarDiagnosticApp.csproj::TargetFramework=net10.0-maccatalyst]
C:\Users\User\source\repos\CarDiagnosticApp\NewPage1.cs(26,6): error CS1525: Недопустимый термин "/" в выражении [C:\Users\User\source\repos\CarDiagnosticApp\CarDiagnosticApp.csproj::TargetFramework=net10.0-maccatalyst]
C:\Users\User\source\repos\CarDiagnosticApp\NewPage1.cs(27,1): error CS1525: Недопустимый термин "<" в выражении [C:\Users\User\source\repos\CarDiagnosticApp\CarDiagnosticApp.csproj::TargetFramework=net10.0-maccatalyst]
C:\Users\User\source\repos\CarDiagnosticApp\NewPage1.cs(27,2): error CS1525: Недопустимый термин "/" в выражении [C:\Users\User\source\repos\CarDiagnosticApp\CarDiagnosticApp.csproj::TargetFramework=net10.0-maccatalyst]
C:\Users\User\source\repos\CarDiagnosticApp\NewPage1.cs(27,17): error CS1733: Требуется выражение. [C:\Users\User\source\repos\CarDiagnosticApp\CarDiagnosticApp.csproj::TargetFramework=net10.0-maccatalyst]
C:\Users\User\source\repos\CarDiagnosticApp\NewPage1.cs(27,17): error CS1002: Требуется ";". [C:\Users\User\source\repos\CarDiagnosticApp\CarDiagnosticApp.csproj::TargetFramework=net10.0-maccatalyst]
C:\Users\User\source\repos\CarDiagnosticApp\NewPage1.cs(7,1): error CS1525: Недопустимый термин "<" в выражении [C:\Users\User\source\repos\CarDiagnosticApp\CarDiagnosticApp.csproj::TargetFramework=net10.0-android]
C:\Users\User\source\repos\CarDiagnosticApp\NewPage1.cs(7,2): error CS1525: Недопустимый термин "?" в выражении [C:\Users\User\source\repos\CarDiagnosticApp\CarDiagnosticApp.csproj::TargetFramework=net10.0-android]
C:\Users\User\source\repos\CarDiagnosticApp\NewPage1.cs(7,8): error CS1003: Синтаксическая ошибка, требуется ":" [C:\Users\User\source\repos\CarDiagnosticApp\CarDiagnosticApp.csproj::TargetFramework=net10.0-android]
C:\Users\User\source\repos\CarDiagnosticApp\NewPage1.cs(7,24): error CS1002: Требуется ";". [C:\Users\User\source\repos\CarDiagnosticApp\CarDiagnosticApp.csproj::TargetFramework=net10.0-android]
C:\Users\User\source\repos\CarDiagnosticApp\NewPage1.cs(7,44): error CS1525: Недопустимый термин ">" в выражении [C:\Users\User\source\repos\CarDiagnosticApp\CarDiagnosticApp.csproj::TargetFramework=net10.0-android]
C:\Users\User\source\repos\CarDiagnosticApp\NewPage1.cs(8,1): error CS1525: Недопустимый термин "<" в выражении [C:\Users\User\source\repos\CarDiagnosticApp\CarDiagnosticApp.csproj::TargetFramework=net10.0-android]
C:\Users\User\source\repos\CarDiagnosticApp\NewPage1.cs(8,15): error CS1003: Синтаксическая ошибка, требуется ":" [C:\Users\User\source\repos\CarDiagnosticApp\CarDiagnosticApp.csproj::TargetFramework=net10.0-android]
C:\Users\User\source\repos\CarDiagnosticApp\NewPage1.cs(8,70): error CS1002: Требуется ";". [C:\Users\User\source\repos\CarDiagnosticApp\CarDiagnosticApp.csproj::TargetFramework=net10.0-android]
C:\Users\User\source\repos\CarDiagnosticApp\NewPage1.cs(9,71): error CS1002: Требуется ";". [C:\Users\User\source\repos\CarDiagnosticApp\CarDiagnosticApp.csproj::TargetFramework=net10.0-android]
C:\Users\User\source\repos\CarDiagnosticApp\NewPage1.cs(10,54): error CS1002: Требуется ";". [C:\Users\User\source\repos\CarDiagnosticApp\CarDiagnosticApp.csproj::TargetFramework=net10.0-android]
C:\Users\User\source\repos\CarDiagnosticApp\NewPage1.cs(14,5): error CS1525: Недопустимый термин "<" в выражении [C:\Users\User\source\repos\CarDiagnosticApp\CarDiagnosticApp.csproj::TargetFramework=net10.0-android]
C:\Users\User\source\repos\CarDiagnosticApp\NewPage1.cs(15,9): error CS1525: Недопустимый термин "<" в выражении [C:\Users\User\source\repos\CarDiagnosticApp\CarDiagnosticApp.csproj::TargetFramework=net10.0-android]
C:\Users\User\source\repos\CarDiagnosticApp\NewPage1.cs(15,31): error CS1002: Требуется ";". [C:\Users\User\source\repos\CarDiagnosticApp\CarDiagnosticApp.csproj::TargetFramework=net10.0-android]
C:\Users\User\source\repos\CarDiagnosticApp\NewPage1.cs(15,46): error CS1002: Требуется ";". [C:\Users\User\source\repos\CarDiagnosticApp\CarDiagnosticApp.csproj::TargetFramework=net10.0-android]
C:\Users\User\source\repos\CarDiagnosticApp\NewPage1.cs(16,13): error CS1525: Недопустимый термин "<" в выражении [C:\Users\User\source\repos\CarDiagnosticApp\CarDiagnosticApp.csproj::TargetFramework=net10.0-android]
C:\Users\User\source\repos\CarDiagnosticApp\NewPage1.cs(16,21): error CS1002: Требуется ";". [C:\Users\User\source\repos\CarDiagnosticApp\CarDiagnosticApp.csproj::TargetFramework=net10.0-android]
C:\Users\User\source\repos\CarDiagnosticApp\NewPage1.cs(16,44): error CS1002: Требуется ";". [C:\Users\User\source\repos\CarDiagnosticApp\CarDiagnosticApp.csproj::TargetFramework=net10.0-android]
C:\Users\User\source\repos\CarDiagnosticApp\NewPage1.cs(17,41): error CS1002: Требуется ";". [C:\Users\User\source\repos\CarDiagnosticApp\CarDiagnosticApp.csproj::TargetFramework=net10.0-android]
C:\Users\User\source\repos\CarDiagnosticApp\NewPage1.cs(18,37): error CS1525: Недопустимый термин ">" в выражении [C:\Users\User\source\repos\CarDiagnosticApp\CarDiagnosticApp.csproj::TargetFramework=net10.0-android]
C:\Users\User\source\repos\CarDiagnosticApp\NewPage1.cs(21,13): error CS1525: Недопустимый термин "<" в выражении [C:\Users\User\source\repos\CarDiagnosticApp\CarDiagnosticApp.csproj::TargetFramework=net10.0-android]
C:\Users\User\source\repos\CarDiagnosticApp\NewPage1.cs(21,22): error CS1002: Требуется ";". [C:\Users\User\source\repos\CarDiagnosticApp\CarDiagnosticApp.csproj::TargetFramework=net10.0-android]
C:\Users\User\source\repos\CarDiagnosticApp\NewPage1.cs(21,44): error CS1002: Требуется ";". [C:\Users\User\source\repos\CarDiagnosticApp\CarDiagnosticApp.csproj::TargetFramework=net10.0-android]
C:\Users\User\source\repos\CarDiagnosticApp\NewPage1.cs(22,48): error CS1002: Требуется ";". [C:\Users\User\source\repos\CarDiagnosticApp\CarDiagnosticApp.csproj::TargetFramework=net10.0-android]
C:\Users\User\source\repos\CarDiagnosticApp\NewPage1.cs(23,40): error CS1002: Требуется ";". [C:\Users\User\source\repos\CarDiagnosticApp\CarDiagnosticApp.csproj::TargetFramework=net10.0-android]
C:\Users\User\source\repos\CarDiagnosticApp\NewPage1.cs(24,48): error CS1525: Недопустимый термин ">" в выражении [C:\Users\User\source\repos\CarDiagnosticApp\CarDiagnosticApp.csproj::TargetFramework=net10.0-android]
C:\Users\User\source\repos\CarDiagnosticApp\NewPage1.cs(25,9): error CS1525: Недопустимый термин "<" в выражении [C:\Users\User\source\repos\CarDiagnosticApp\CarDiagnosticApp.csproj::TargetFramework=net10.0-android]
C:\Users\User\source\repos\CarDiagnosticApp\NewPage1.cs(25,10): error CS1525: Недопустимый термин "/" в выражении [C:\Users\User\source\repos\CarDiagnosticApp\CarDiagnosticApp.csproj::TargetFramework=net10.0-android]
C:\Users\User\source\repos\CarDiagnosticApp\NewPage1.cs(26,5): error CS1525: Недопустимый термин "<" в выражении [C:\Users\User\source\repos\CarDiagnosticApp\CarDiagnosticApp.csproj::TargetFramework=net10.0-android]
C:\Users\User\source\repos\CarDiagnosticApp\NewPage1.cs(26,6): error CS1525: Недопустимый термин "/" в выражении [C:\Users\User\source\repos\CarDiagnosticApp\CarDiagnosticApp.csproj::TargetFramework=net10.0-android]
C:\Users\User\source\repos\CarDiagnosticApp\NewPage1.cs(27,1): error CS1525: Недопустимый термин "<" в выражении [C:\Users\User\source\repos\CarDiagnosticApp\CarDiagnosticApp.csproj::TargetFramework=net10.0-android]
C:\Users\User\source\repos\CarDiagnosticApp\NewPage1.cs(27,2): error CS1525: Недопустимый термин "/" в выражении [C:\Users\User\source\repos\CarDiagnosticApp\CarDiagnosticApp.csproj::TargetFramework=net10.0-android]
C:\Users\User\source\repos\CarDiagnosticApp\NewPage1.cs(27,17): error CS1733: Требуется выражение. [C:\Users\User\source\repos\CarDiagnosticApp\CarDiagnosticApp.csproj::TargetFramework=net10.0-android]
C:\Users\User\source\repos\CarDiagnosticApp\NewPage1.cs(27,17): error CS1002: Требуется ";". [C:\Users\User\source\repos\CarDiagnosticApp\CarDiagnosticApp.csproj::TargetFramework=net10.0-android]
C:\Users\User\source\repos\CarDiagnosticApp\NewPage1.cs(7,1): error CS1525: Недопустимый термин "<" в выражении [C:\Users\User\source\repos\CarDiagnosticApp\CarDiagnosticApp.csproj::TargetFramework=net10.0-windows10.0.19041.0]
C:\Users\User\source\repos\CarDiagnosticApp\NewPage1.cs(7,2): error CS1525: Недопустимый термин "?" в выражении [C:\Users\User\source\repos\CarDiagnosticApp\CarDiagnosticApp.csproj::TargetFramework=net10.0-windows10.0.19041.0]
C:\Users\User\source\repos\CarDiagnosticApp\NewPage1.cs(7,8): error CS1003: Синтаксическая ошибка, требуется ":" [C:\Users\User\source\repos\CarDiagnosticApp\CarDiagnosticApp.csproj::TargetFramework=net10.0-windows10.0.19041.0]
C:\Users\User\source\repos\CarDiagnosticApp\NewPage1.cs(7,24): error CS1002: Требуется ";". [C:\Users\User\source\repos\CarDiagnosticApp\CarDiagnosticApp.csproj::TargetFramework=net10.0-windows10.0.19041.0]
C:\Users\User\source\repos\CarDiagnosticApp\NewPage1.cs(7,44): error CS1525: Недопустимый термин ">" в выражении [C:\Users\User\source\repos\CarDiagnosticApp\CarDiagnosticApp.csproj::TargetFramework=net10.0-windows10.0.19041.0]
C:\Users\User\source\repos\CarDiagnosticApp\NewPage1.cs(8,1): error CS1525: Недопустимый термин "<" в выражении [C:\Users\User\source\repos\CarDiagnosticApp\CarDiagnosticApp.csproj::TargetFramework=net10.0-windows10.0.19041.0]
C:\Users\User\source\repos\CarDiagnosticApp\NewPage1.cs(8,15): error CS1003: Синтаксическая ошибка, требуется ":" [C:\Users\User\source\repos\CarDiagnosticApp\CarDiagnosticApp.csproj::TargetFramework=net10.0-windows10.0.19041.0]
C:\Users\User\source\repos\CarDiagnosticApp\NewPage1.cs(8,70): error CS1002: Требуется ";". [C:\Users\User\source\repos\CarDiagnosticApp\CarDiagnosticApp.csproj::TargetFramework=net10.0-windows10.0.19041.0]
C:\Users\User\source\repos\CarDiagnosticApp\NewPage1.cs(9,71): error CS1002: Требуется ";". [C:\Users\User\source\repos\CarDiagnosticApp\CarDiagnosticApp.csproj::TargetFramework=net10.0-windows10.0.19041.0]
C:\Users\User\source\repos\CarDiagnosticApp\NewPage1.cs(10,54): error CS1002: Требуется ";". [C:\Users\User\source\repos\CarDiagnosticApp\CarDiagnosticApp.csproj::TargetFramework=net10.0-windows10.0.19041.0]
C:\Users\User\source\repos\CarDiagnosticApp\NewPage1.cs(14,5): error CS1525: Недопустимый термин "<" в выражении [C:\Users\User\source\repos\CarDiagnosticApp\CarDiagnosticApp.csproj::TargetFramework=net10.0-windows10.0.19041.0]
C:\Users\User\source\repos\CarDiagnosticApp\NewPage1.cs(15,9): error CS1525: Недопустимый термин "<" в выражении [C:\Users\User\source\repos\CarDiagnosticApp\CarDiagnosticApp.csproj::TargetFramework=net10.0-windows10.0.19041.0]
C:\Users\User\source\repos\CarDiagnosticApp\NewPage1.cs(15,31): error CS1002: Требуется ";". [C:\Users\User\source\repos\CarDiagnosticApp\CarDiagnosticApp.csproj::TargetFramework=net10.0-windows10.0.19041.0]
C:\Users\User\source\repos\CarDiagnosticApp\NewPage1.cs(15,46): error CS1002: Требуется ";". [C:\Users\User\source\repos\CarDiagnosticApp\CarDiagnosticApp.csproj::TargetFramework=net10.0-windows10.0.19041.0]
C:\Users\User\source\repos\CarDiagnosticApp\NewPage1.cs(16,13): error CS1525: Недопустимый термин "<" в выражении [C:\Users\User\source\repos\CarDiagnosticApp\CarDiagnosticApp.csproj::TargetFramework=net10.0-windows10.0.19041.0]
C:\Users\User\source\repos\CarDiagnosticApp\NewPage1.cs(16,21): error CS1002: Требуется ";". [C:\Users\User\source\repos\CarDiagnosticApp\CarDiagnosticApp.csproj::TargetFramework=net10.0-windows10.0.19041.0]
C:\Users\User\source\repos\CarDiagnosticApp\NewPage1.cs(16,44): error CS1002: Требуется ";". [C:\Users\User\source\repos\CarDiagnosticApp\CarDiagnosticApp.csproj::TargetFramework=net10.0-windows10.0.19041.0]
C:\Users\User\source\repos\CarDiagnosticApp\NewPage1.cs(17,41): error CS1002: Требуется ";". [C:\Users\User\source\repos\CarDiagnosticApp\CarDiagnosticApp.csproj::TargetFramework=net10.0-windows10.0.19041.0]
C:\Users\User\source\repos\CarDiagnosticApp\NewPage1.cs(18,37): error CS1525: Недопустимый термин ">" в выражении [C:\Users\User\source\repos\CarDiagnosticApp\CarDiagnosticApp.csproj::TargetFramework=net10.0-windows10.0.19041.0]
C:\Users\User\source\repos\CarDiagnosticApp\NewPage1.cs(21,13): error CS1525: Недопустимый термин "<" в выражении [C:\Users\User\source\repos\CarDiagnosticApp\CarDiagnosticApp.csproj::TargetFramework=net10.0-windows10.0.19041.0]
C:\Users\User\source\repos\CarDiagnosticApp\NewPage1.cs(21,22): error CS1002: Требуется ";". [C:\Users\User\source\repos\CarDiagnosticApp\CarDiagnosticApp.csproj::TargetFramework=net10.0-windows10.0.19041.0]
C:\Users\User\source\repos\CarDiagnosticApp\NewPage1.cs(21,44): error CS1002: Требуется ";". [C:\Users\User\source\repos\CarDiagnosticApp\CarDiagnosticApp.csproj::TargetFramework=net10.0-windows10.0.19041.0]
C:\Users\User\source\repos\CarDiagnosticApp\NewPage1.cs(22,48): error CS1002: Требуется ";". [C:\Users\User\source\repos\CarDiagnosticApp\CarDiagnosticApp.csproj::TargetFramework=net10.0-windows10.0.19041.0]
C:\Users\User\source\repos\CarDiagnosticApp\NewPage1.cs(23,40): error CS1002: Требуется ";". [C:\Users\User\source\repos\CarDiagnosticApp\CarDiagnosticApp.csproj::TargetFramework=net10.0-windows10.0.19041.0]
C:\Users\User\source\repos\CarDiagnosticApp\NewPage1.cs(24,48): error CS1525: Недопустимый термин ">" в выражении [C:\Users\User\source\repos\CarDiagnosticApp\CarDiagnosticApp.csproj::TargetFramework=net10.0-windows10.0.19041.0]
C:\Users\User\source\repos\CarDiagnosticApp\NewPage1.cs(25,9): error CS1525: Недопустимый термин "<" в выражении [C:\Users\User\source\repos\CarDiagnosticApp\CarDiagnosticApp.csproj::TargetFramework=net10.0-windows10.0.19041.0]
C:\Users\User\source\repos\CarDiagnosticApp\NewPage1.cs(25,10): error CS1525: Недопустимый термин "/" в выражении [C:\Users\User\source\repos\CarDiagnosticApp\CarDiagnosticApp.csproj::TargetFramework=net10.0-windows10.0.19041.0]
C:\Users\User\source\repos\CarDiagnosticApp\NewPage1.cs(26,5): error CS1525: Недопустимый термин "<" в выражении [C:\Users\User\source\repos\CarDiagnosticApp\CarDiagnosticApp.csproj::TargetFramework=net10.0-windows10.0.19041.0]
C:\Users\User\source\repos\CarDiagnosticApp\NewPage1.cs(26,6): error CS1525: Недопустимый термин "/" в выражении [C:\Users\User\source\repos\CarDiagnosticApp\CarDiagnosticApp.csproj::TargetFramework=net10.0-windows10.0.19041.0]
C:\Users\User\source\repos\CarDiagnosticApp\NewPage1.cs(27,1): error CS1525: Недопустимый термин "<" в выражении [C:\Users\User\source\repos\CarDiagnosticApp\CarDiagnosticApp.csproj::TargetFramework=net10.0-windows10.0.19041.0]
C:\Users\User\source\repos\CarDiagnosticApp\NewPage1.cs(27,2): error CS1525: Недопустимый термин "/" в выражении [C:\Users\User\source\repos\CarDiagnosticApp\CarDiagnosticApp.csproj::TargetFramework=net10.0-windows10.0.19041.0]
C:\Users\User\source\repos\CarDiagnosticApp\NewPage1.cs(27,17): error CS1733: Требуется выражение. [C:\Users\User\source\repos\CarDiagnosticApp\CarDiagnosticApp.csproj::TargetFramework=net10.0-windows10.0.19041.0]
C:\Users\User\source\repos\CarDiagnosticApp\NewPage1.cs(27,17): error CS1002: Требуется ";". [C:\Users\User\source\repos\CarDiagnosticApp\CarDiagnosticApp.csproj::TargetFramework=net10.0-windows10.0.19041.0]
C:\Users\User\source\repos\CarDiagnosticApp\NewPage1.cs(7,1): error CS1525: Недопустимый термин "<" в выражении [C:\Users\User\source\repos\CarDiagnosticApp\CarDiagnosticApp.csproj::TargetFramework=net10.0-ios]
C:\Users\User\source\repos\CarDiagnosticApp\NewPage1.cs(7,2): error CS1525: Недопустимый термин "?" в выражении [C:\Users\User\source\repos\CarDiagnosticApp\CarDiagnosticApp.csproj::TargetFramework=net10.0-ios]
C:\Users\User\source\repos\CarDiagnosticApp\NewPage1.cs(7,8): error CS1003: Синтаксическая ошибка, требуется ":" [C:\Users\User\source\repos\CarDiagnosticApp\CarDiagnosticApp.csproj::TargetFramework=net10.0-ios]
C:\Users\User\source\repos\CarDiagnosticApp\NewPage1.cs(7,24): error CS1002: Требуется ";". [C:\Users\User\source\repos\CarDiagnosticApp\CarDiagnosticApp.csproj::TargetFramework=net10.0-ios]
C:\Users\User\source\repos\CarDiagnosticApp\NewPage1.cs(7,44): error CS1525: Недопустимый термин ">" в выражении [C:\Users\User\source\repos\CarDiagnosticApp\CarDiagnosticApp.csproj::TargetFramework=net10.0-ios]
C:\Users\User\source\repos\CarDiagnosticApp\NewPage1.cs(8,1): error CS1525: Недопустимый термин "<" в выражении [C:\Users\User\source\repos\CarDiagnosticApp\CarDiagnosticApp.csproj::TargetFramework=net10.0-ios]
C:\Users\User\source\repos\CarDiagnosticApp\NewPage1.cs(8,15): error CS1003: Синтаксическая ошибка, требуется ":" [C:\Users\User\source\repos\CarDiagnosticApp\CarDiagnosticApp.csproj::TargetFramework=net10.0-ios]
C:\Users\User\source\repos\CarDiagnosticApp\NewPage1.cs(8,70): error CS1002: Требуется ";". [C:\Users\User\source\repos\CarDiagnosticApp\CarDiagnosticApp.csproj::TargetFramework=net10.0-ios]
C:\Users\User\source\repos\CarDiagnosticApp\NewPage1.cs(9,71): error CS1002: Требуется ";". [C:\Users\User\source\repos\CarDiagnosticApp\CarDiagnosticApp.csproj::TargetFramework=net10.0-ios]
C:\Users\User\source\repos\CarDiagnosticApp\NewPage1.cs(10,54): error CS1002: Требуется ";". [C:\Users\User\source\repos\CarDiagnosticApp\CarDiagnosticApp.csproj::TargetFramework=net10.0-ios]
C:\Users\User\source\repos\CarDiagnosticApp\NewPage1.cs(14,5): error CS1525: Недопустимый термин "<" в выражении [C:\Users\User\source\repos\CarDiagnosticApp\CarDiagnosticApp.csproj::TargetFramework=net10.0-ios]
C:\Users\User\source\repos\CarDiagnosticApp\NewPage1.cs(15,9): error CS1525: Недопустимый термин "<" в выражении [C:\Users\User\source\repos\CarDiagnosticApp\CarDiagnosticApp.csproj::TargetFramework=net10.0-ios]
C:\Users\User\source\repos\CarDiagnosticApp\NewPage1.cs(15,31): error CS1002: Требуется ";". [C:\Users\User\source\repos\CarDiagnosticApp\CarDiagnosticApp.csproj::TargetFramework=net10.0-ios]
C:\Users\User\source\repos\CarDiagnosticApp\NewPage1.cs(15,46): error CS1002: Требуется ";". [C:\Users\User\source\repos\CarDiagnosticApp\CarDiagnosticApp.csproj::TargetFramework=net10.0-ios]
C:\Users\User\source\repos\CarDiagnosticApp\NewPage1.cs(16,13): error CS1525: Недопустимый термин "<" в выражении [C:\Users\User\source\repos\CarDiagnosticApp\CarDiagnosticApp.csproj::TargetFramework=net10.0-ios]
C:\Users\User\source\repos\CarDiagnosticApp\NewPage1.cs(16,21): error CS1002: Требуется ";". [C:\Users\User\source\repos\CarDiagnosticApp\CarDiagnosticApp.csproj::TargetFramework=net10.0-ios]
C:\Users\User\source\repos\CarDiagnosticApp\NewPage1.cs(16,44): error CS1002: Требуется ";". [C:\Users\User\source\repos\CarDiagnosticApp\CarDiagnosticApp.csproj::TargetFramework=net10.0-ios]
C:\Users\User\source\repos\CarDiagnosticApp\NewPage1.cs(17,41): error CS1002: Требуется ";". [C:\Users\User\source\repos\CarDiagnosticApp\CarDiagnosticApp.csproj::TargetFramework=net10.0-ios]
C:\Users\User\source\repos\CarDiagnosticApp\NewPage1.cs(18,37): error CS1525: Недопустимый термин ">" в выражении [C:\Users\User\source\repos\CarDiagnosticApp\CarDiagnosticApp.csproj::TargetFramework=net10.0-ios]
C:\Users\User\source\repos\CarDiagnosticApp\NewPage1.cs(21,13): error CS1525: Недопустимый термин "<" в выражении [C:\Users\User\source\repos\CarDiagnosticApp\CarDiagnosticApp.csproj::TargetFramework=net10.0-ios]
C:\Users\User\source\repos\CarDiagnosticApp\NewPage1.cs(21,22): error CS1002: Требуется ";". [C:\Users\User\source\repos\CarDiagnosticApp\CarDiagnosticApp.csproj::TargetFramework=net10.0-ios]
C:\Users\User\source\repos\CarDiagnosticApp\NewPage1.cs(21,44): error CS1002: Требуется ";". [C:\Users\User\source\repos\CarDiagnosticApp\CarDiagnosticApp.csproj::TargetFramework=net10.0-ios]
C:\Users\User\source\repos\CarDiagnosticApp\NewPage1.cs(22,48): error CS1002: Требуется ";". [C:\Users\User\source\repos\CarDiagnosticApp\CarDiagnosticApp.csproj::TargetFramework=net10.0-ios]
C:\Users\User\source\repos\CarDiagnosticApp\NewPage1.cs(23,40): error CS1002: Требуется ";". [C:\Users\User\source\repos\CarDiagnosticApp\CarDiagnosticApp.csproj::TargetFramework=net10.0-ios]
C:\Users\User\source\repos\CarDiagnosticApp\NewPage1.cs(24,48): error CS1525: Недопустимый термин ">" в выражении [C:\Users\User\source\repos\CarDiagnosticApp\CarDiagnosticApp.csproj::TargetFramework=net10.0-ios]
C:\Users\User\source\repos\CarDiagnosticApp\NewPage1.cs(25,9): error CS1525: Недопустимый термин "<" в выражении [C:\Users\User\source\repos\CarDiagnosticApp\CarDiagnosticApp.csproj::TargetFramework=net10.0-ios]
C:\Users\User\source\repos\CarDiagnosticApp\NewPage1.cs(25,10): error CS1525: Недопустимый термин "/" в выражении [C:\Users\User\source\repos\CarDiagnosticApp\CarDiagnosticApp.csproj::TargetFramework=net10.0-ios]
C:\Users\User\source\repos\CarDiagnosticApp\NewPage1.cs(26,5): error CS1525: Недопустимый термин "<" в выражении [C:\Users\User\source\repos\CarDiagnosticApp\CarDiagnosticApp.csproj::TargetFramework=net10.0-ios]
C:\Users\User\source\repos\CarDiagnosticApp\NewPage1.cs(26,6): error CS1525: Недопустимый термин "/" в выражении [C:\Users\User\source\repos\CarDiagnosticApp\CarDiagnosticApp.csproj::TargetFramework=net10.0-ios]
C:\Users\User\source\repos\CarDiagnosticApp\NewPage1.cs(27,1): error CS1525: Недопустимый термин "<" в выражении [C:\Users\User\source\repos\CarDiagnosticApp\CarDiagnosticApp.csproj::TargetFramework=net10.0-ios]
C:\Users\User\source\repos\CarDiagnosticApp\NewPage1.cs(27,2): error CS1525: Недопустимый термин "/" в выражении [C:\Users\User\source\repos\CarDiagnosticApp\CarDiagnosticApp.csproj::TargetFramework=net10.0-ios]
C:\Users\User\source\repos\CarDiagnosticApp\NewPage1.cs(27,17): error CS1733: Требуется выражение. [C:\Users\User\source\repos\CarDiagnosticApp\CarDiagnosticApp.csproj::TargetFramework=net10.0-ios]
C:\Users\User\source\repos\CarDiagnosticApp\NewPage1.cs(27,17): error CS1002: Требуется ";". [C:\Users\User\source\repos\CarDiagnosticApp\CarDiagnosticApp.csproj::TargetFramework=net10.0-ios]
C:\Users\User\source\repos\CarDiagnosticApp\NewPage1.cs(7,1): error CS1525: Недопустимый термин "<" в выражении [C:\Users\User\source\repos\CarDiagnosticApp\CarDiagnosticApp.csproj::TargetFramework=net10.0-maccatalyst]
C:\Users\User\source\repos\CarDiagnosticApp\NewPage1.cs(7,2): error CS1525: Недопустимый термин "?" в выражении [C:\Users\User\source\repos\CarDiagnosticApp\CarDiagnosticApp.csproj::TargetFramework=net10.0-maccatalyst]
C:\Users\User\source\repos\CarDiagnosticApp\NewPage1.cs(7,8): error CS1003: Синтаксическая ошибка, требуется ":" [C:\Users\User\source\repos\CarDiagnosticApp\CarDiagnosticApp.csproj::TargetFramework=net10.0-maccatalyst]
C:\Users\User\source\repos\CarDiagnosticApp\NewPage1.cs(7,24): error CS1002: Требуется ";". [C:\Users\User\source\repos\CarDiagnosticApp\CarDiagnosticApp.csproj::TargetFramework=net10.0-maccatalyst]
C:\Users\User\source\repos\CarDiagnosticApp\NewPage1.cs(7,44): error CS1525: Недопустимый термин ">" в выражении [C:\Users\User\source\repos\CarDiagnosticApp\CarDiagnosticApp.csproj::TargetFramework=net10.0-maccatalyst]
C:\Users\User\source\repos\CarDiagnosticApp\NewPage1.cs(8,1): error CS1525: Недопустимый термин "<" в выражении [C:\Users\User\source\repos\CarDiagnosticApp\CarDiagnosticApp.csproj::TargetFramework=net10.0-maccatalyst]
C:\Users\User\source\repos\CarDiagnosticApp\NewPage1.cs(8,15): error CS1003: Синтаксическая ошибка, требуется ":" [C:\Users\User\source\repos\CarDiagnosticApp\CarDiagnosticApp.csproj::TargetFramework=net10.0-maccatalyst]
C:\Users\User\source\repos\CarDiagnosticApp\NewPage1.cs(8,70): error CS1002: Требуется ";". [C:\Users\User\source\repos\CarDiagnosticApp\CarDiagnosticApp.csproj::TargetFramework=net10.0-maccatalyst]
C:\Users\User\source\repos\CarDiagnosticApp\NewPage1.cs(9,71): error CS1002: Требуется ";". [C:\Users\User\source\repos\CarDiagnosticApp\CarDiagnosticApp.csproj::TargetFramework=net10.0-maccatalyst]
C:\Users\User\source\repos\CarDiagnosticApp\NewPage1.cs(10,54): error CS1002: Требуется ";". [C:\Users\User\source\repos\CarDiagnosticApp\CarDiagnosticApp.csproj::TargetFramework=net10.0-maccatalyst]
C:\Users\User\source\repos\CarDiagnosticApp\NewPage1.cs(14,5): error CS1525: Недопустимый термин "<" в выражении [C:\Users\User\source\repos\CarDiagnosticApp\CarDiagnosticApp.csproj::TargetFramework=net10.0-maccatalyst]
C:\Users\User\source\repos\CarDiagnosticApp\NewPage1.cs(15,9): error CS1525: Недопустимый термин "<" в выражении [C:\Users\User\source\repos\CarDiagnosticApp\CarDiagnosticApp.csproj::TargetFramework=net10.0-maccatalyst]
C:\Users\User\source\repos\CarDiagnosticApp\NewPage1.cs(15,31): error CS1002: Требуется ";". [C:\Users\User\source\repos\CarDiagnosticApp\CarDiagnosticApp.csproj::TargetFramework=net10.0-maccatalyst]
C:\Users\User\source\repos\CarDiagnosticApp\NewPage1.cs(15,46): error CS1002: Требуется ";". [C:\Users\User\source\repos\CarDiagnosticApp\CarDiagnosticApp.csproj::TargetFramework=net10.0-maccatalyst]
C:\Users\User\source\repos\CarDiagnosticApp\NewPage1.cs(16,13): error CS1525: Недопустимый термин "<" в выражении [C:\Users\User\source\repos\CarDiagnosticApp\CarDiagnosticApp.csproj::TargetFramework=net10.0-maccatalyst]
C:\Users\User\source\repos\CarDiagnosticApp\NewPage1.cs(16,21): error CS1002: Требуется ";". [C:\Users\User\source\repos\CarDiagnosticApp\CarDiagnosticApp.csproj::TargetFramework=net10.0-maccatalyst]
C:\Users\User\source\repos\CarDiagnosticApp\NewPage1.cs(16,44): error CS1002: Требуется ";". [C:\Users\User\source\repos\CarDiagnosticApp\CarDiagnosticApp.csproj::TargetFramework=net10.0-maccatalyst]
C:\Users\User\source\repos\CarDiagnosticApp\NewPage1.cs(17,41): error CS1002: Требуется ";". [C:\Users\User\source\repos\CarDiagnosticApp\CarDiagnosticApp.csproj::TargetFramework=net10.0-maccatalyst]
C:\Users\User\source\repos\CarDiagnosticApp\NewPage1.cs(18,37): error CS1525: Недопустимый термин ">" в выражении [C:\Users\User\source\repos\CarDiagnosticApp\CarDiagnosticApp.csproj::TargetFramework=net10.0-maccatalyst]
C:\Users\User\source\repos\CarDiagnosticApp\NewPage1.cs(21,13): error CS1525: Недопустимый термин "<" в выражении [C:\Users\User\source\repos\CarDiagnosticApp\CarDiagnosticApp.csproj::TargetFramework=net10.0-maccatalyst]
C:\Users\User\source\repos\CarDiagnosticApp\NewPage1.cs(21,22): error CS1002: Требуется ";". [C:\Users\User\source\repos\CarDiagnosticApp\CarDiagnosticApp.csproj::TargetFramework=net10.0-maccatalyst]
C:\Users\User\source\repos\CarDiagnosticApp\NewPage1.cs(21,44): error CS1002: Требуется ";". [C:\Users\User\source\repos\CarDiagnosticApp\CarDiagnosticApp.csproj::TargetFramework=net10.0-maccatalyst]
C:\Users\User\source\repos\CarDiagnosticApp\NewPage1.cs(22,48): error CS1002: Требуется ";". [C:\Users\User\source\repos\CarDiagnosticApp\CarDiagnosticApp.csproj::TargetFramework=net10.0-maccatalyst]
C:\Users\User\source\repos\CarDiagnosticApp\NewPage1.cs(23,40): error CS1002: Требуется ";". [C:\Users\User\source\repos\CarDiagnosticApp\CarDiagnosticApp.csproj::TargetFramework=net10.0-maccatalyst]
C:\Users\User\source\repos\CarDiagnosticApp\NewPage1.cs(24,48): error CS1525: Недопустимый термин ">" в выражении [C:\Users\User\source\repos\CarDiagnosticApp\CarDiagnosticApp.csproj::TargetFramework=net10.0-maccatalyst]
C:\Users\User\source\repos\CarDiagnosticApp\NewPage1.cs(25,9): error CS1525: Недопустимый термин "<" в выражении [C:\Users\User\source\repos\CarDiagnosticApp\CarDiagnosticApp.csproj::TargetFramework=net10.0-maccatalyst]
C:\Users\User\source\repos\CarDiagnosticApp\NewPage1.cs(25,10): error CS1525: Недопустимый термин "/" в выражении [C:\Users\User\source\repos\CarDiagnosticApp\CarDiagnosticApp.csproj::TargetFramework=net10.0-maccatalyst]
C:\Users\User\source\repos\CarDiagnosticApp\NewPage1.cs(26,5): error CS1525: Недопустимый термин "<" в выражении [C:\Users\User\source\repos\CarDiagnosticApp\CarDiagnosticApp.csproj::TargetFramework=net10.0-maccatalyst]
C:\Users\User\source\repos\CarDiagnosticApp\NewPage1.cs(26,6): error CS1525: Недопустимый термин "/" в выражении [C:\Users\User\source\repos\CarDiagnosticApp\CarDiagnosticApp.csproj::TargetFramework=net10.0-maccatalyst]
C:\Users\User\source\repos\CarDiagnosticApp\NewPage1.cs(27,1): error CS1525: Недопустимый термин "<" в выражении [C:\Users\User\source\repos\CarDiagnosticApp\CarDiagnosticApp.csproj::TargetFramework=net10.0-maccatalyst]
C:\Users\User\source\repos\CarDiagnosticApp\NewPage1.cs(27,2): error CS1525: Недопустимый термин "/" в выражении [C:\Users\User\source\repos\CarDiagnosticApp\CarDiagnosticApp.csproj::TargetFramework=net10.0-maccatalyst]
C:\Users\User\source\repos\CarDiagnosticApp\NewPage1.cs(27,17): error CS1733: Требуется выражение. [C:\Users\User\source\repos\CarDiagnosticApp\CarDiagnosticApp.csproj::TargetFramework=net10.0-maccatalyst]
C:\Users\User\source\repos\CarDiagnosticApp\NewPage1.cs(27,17): error CS1002: Требуется ";". [C:\Users\User\source\repos\CarDiagnosticApp\CarDiagnosticApp.csproj::TargetFramework=net10.0-maccatalyst]
C:\Users\User\source\repos\CarDiagnosticApp\NewPage1.cs(7,1): error CS1525: Недопустимый термин "<" в выражении [C:\Users\User\source\repos\CarDiagnosticApp\CarDiagnosticApp.csproj::TargetFramework=net10.0-android]
C:\Users\User\source\repos\CarDiagnosticApp\NewPage1.cs(7,2): error CS1525: Недопустимый термин "?" в выражении [C:\Users\User\source\repos\CarDiagnosticApp\CarDiagnosticApp.csproj::TargetFramework=net10.0-android]
C:\Users\User\source\repos\CarDiagnosticApp\NewPage1.cs(7,8): error CS1003: Синтаксическая ошибка, требуется ":" [C:\Users\User\source\repos\CarDiagnosticApp\CarDiagnosticApp.csproj::TargetFramework=net10.0-android]
C:\Users\User\source\repos\CarDiagnosticApp\NewPage1.cs(7,24): error CS1002: Требуется ";". [C:\Users\User\source\repos\CarDiagnosticApp\CarDiagnosticApp.csproj::TargetFramework=net10.0-android]
C:\Users\User\source\repos\CarDiagnosticApp\NewPage1.cs(7,44): error CS1525: Недопустимый термин ">" в выражении [C:\Users\User\source\repos\CarDiagnosticApp\CarDiagnosticApp.csproj::TargetFramework=net10.0-android]
C:\Users\User\source\repos\CarDiagnosticApp\NewPage1.cs(8,1): error CS1525: Недопустимый термин "<" в выражении [C:\Users\User\source\repos\CarDiagnosticApp\CarDiagnosticApp.csproj::TargetFramework=net10.0-android]
C:\Users\User\source\repos\CarDiagnosticApp\NewPage1.cs(8,15): error CS1003: Синтаксическая ошибка, требуется ":" [C:\Users\User\source\repos\CarDiagnosticApp\CarDiagnosticApp.csproj::TargetFramework=net10.0-android]
C:\Users\User\source\repos\CarDiagnosticApp\NewPage1.cs(8,70): error CS1002: Требуется ";". [C:\Users\User\source\repos\CarDiagnosticApp\CarDiagnosticApp.csproj::TargetFramework=net10.0-android]
C:\Users\User\source\repos\CarDiagnosticApp\NewPage1.cs(9,71): error CS1002: Требуется ";". [C:\Users\User\source\repos\CarDiagnosticApp\CarDiagnosticApp.csproj::TargetFramework=net10.0-android]
C:\Users\User\source\repos\CarDiagnosticApp\NewPage1.cs(10,54): error CS1002: Требуется ";". [C:\Users\User\source\repos\CarDiagnosticApp\CarDiagnosticApp.csproj::TargetFramework=net10.0-android]
C:\Users\User\source\repos\CarDiagnosticApp\NewPage1.cs(14,5): error CS1525: Недопустимый термин "<" в выражении [C:\Users\User\source\repos\CarDiagnosticApp\CarDiagnosticApp.csproj::TargetFramework=net10.0-android]
C:\Users\User\source\repos\CarDiagnosticApp\NewPage1.cs(15,9): error CS1525: Недопустимый термин "<" в выражении [C:\Users\User\source\repos\CarDiagnosticApp\CarDiagnosticApp.csproj::TargetFramework=net10.0-android]
C:\Users\User\source\repos\CarDiagnosticApp\NewPage1.cs(15,31): error CS1002: Требуется ";". [C:\Users\User\source\repos\CarDiagnosticApp\CarDiagnosticApp.csproj::TargetFramework=net10.0-android]
C:\Users\User\source\repos\CarDiagnosticApp\NewPage1.cs(15,46): error CS1002: Требуется ";". [C:\Users\User\source\repos\CarDiagnosticApp\CarDiagnosticApp.csproj::TargetFramework=net10.0-android]
C:\Users\User\source\repos\CarDiagnosticApp\NewPage1.cs(16,13): error CS1525: Недопустимый термин "<" в выражении [C:\Users\User\source\repos\CarDiagnosticApp\CarDiagnosticApp.csproj::TargetFramework=net10.0-android]
C:\Users\User\source\repos\CarDiagnosticApp\NewPage1.cs(16,21): error CS1002: Требуется ";". [C:\Users\User\source\repos\CarDiagnosticApp\CarDiagnosticApp.csproj::TargetFramework=net10.0-android]
C:\Users\User\source\repos\CarDiagnosticApp\NewPage1.cs(16,44): error CS1002: Требуется ";". [C:\Users\User\source\repos\CarDiagnosticApp\CarDiagnosticApp.csproj::TargetFramework=net10.0-android]
C:\Users\User\source\repos\CarDiagnosticApp\NewPage1.cs(17,41): error CS1002: Требуется ";". [C:\Users\User\source\repos\CarDiagnosticApp\CarDiagnosticApp.csproj::TargetFramework=net10.0-android]
C:\Users\User\source\repos\CarDiagnosticApp\NewPage1.cs(18,37): error CS1525: Недопустимый термин ">" в выражении [C:\Users\User\source\repos\CarDiagnosticApp\CarDiagnosticApp.csproj::TargetFramework=net10.0-android]
C:\Users\User\source\repos\CarDiagnosticApp\NewPage1.cs(21,13): error CS1525: Недопустимый термин "<" в выражении [C:\Users\User\source\repos\CarDiagnosticApp\CarDiagnosticApp.csproj::TargetFramework=net10.0-android]
C:\Users\User\source\repos\CarDiagnosticApp\NewPage1.cs(21,22): error CS1002: Требуется ";". [C:\Users\User\source\repos\CarDiagnosticApp\CarDiagnosticApp.csproj::TargetFramework=net10.0-android]
C:\Users\User\source\repos\CarDiagnosticApp\NewPage1.cs(21,44): error CS1002: Требуется ";". [C:\Users\User\source\repos\CarDiagnosticApp\CarDiagnosticApp.csproj::TargetFramework=net10.0-android]
C:\Users\User\source\repos\CarDiagnosticApp\NewPage1.cs(22,48): error CS1002: Требуется ";". [C:\Users\User\source\repos\CarDiagnosticApp\CarDiagnosticApp.csproj::TargetFramework=net10.0-android]
C:\Users\User\source\repos\CarDiagnosticApp\NewPage1.cs(23,40): error CS1002: Требуется ";". [C:\Users\User\source\repos\CarDiagnosticApp\CarDiagnosticApp.csproj::TargetFramework=net10.0-android]
C:\Users\User\source\repos\CarDiagnosticApp\NewPage1.cs(24,48): error CS1525: Недопустимый термин ">" в выражении [C:\Users\User\source\repos\CarDiagnosticApp\CarDiagnosticApp.csproj::TargetFramework=net10.0-android]
C:\Users\User\source\repos\CarDiagnosticApp\NewPage1.cs(25,9): error CS1525: Недопустимый термин "<" в выражении [C:\Users\User\source\repos\CarDiagnosticApp\CarDiagnosticApp.csproj::TargetFramework=net10.0-android]
C:\Users\User\source\repos\CarDiagnosticApp\NewPage1.cs(25,10): error CS1525: Недопустимый термин "/" в выражении [C:\Users\User\source\repos\CarDiagnosticApp\CarDiagnosticApp.csproj::TargetFramework=net10.0-android]
C:\Users\User\source\repos\CarDiagnosticApp\NewPage1.cs(26,5): error CS1525: Недопустимый термин "<" в выражении [C:\Users\User\source\repos\CarDiagnosticApp\CarDiagnosticApp.csproj::TargetFramework=net10.0-android]
C:\Users\User\source\repos\CarDiagnosticApp\NewPage1.cs(26,6): error CS1525: Недопустимый термин "/" в выражении [C:\Users\User\source\repos\CarDiagnosticApp\CarDiagnosticApp.csproj::TargetFramework=net10.0-android]
C:\Users\User\source\repos\CarDiagnosticApp\NewPage1.cs(27,1): error CS1525: Недопустимый термин "<" в выражении [C:\Users\User\source\repos\CarDiagnosticApp\CarDiagnosticApp.csproj::TargetFramework=net10.0-android]
C:\Users\User\source\repos\CarDiagnosticApp\NewPage1.cs(27,2): error CS1525: Недопустимый термин "/" в выражении [C:\Users\User\source\repos\CarDiagnosticApp\CarDiagnosticApp.csproj::TargetFramework=net10.0-android]
C:\Users\User\source\repos\CarDiagnosticApp\NewPage1.cs(27,17): error CS1733: Требуется выражение. [C:\Users\User\source\repos\CarDiagnosticApp\CarDiagnosticApp.csproj::TargetFramework=net10.0-android]
C:\Users\User\source\repos\CarDiagnosticApp\NewPage1.cs(27,17): error CS1002: Требуется ";". [C:\Users\User\source\repos\CarDiagnosticApp\CarDiagnosticApp.csproj::TargetFramework=net10.0-android]
C:\Users\User\source\repos\CarDiagnosticApp\NewPage1.cs(7,1): error CS1525: Недопустимый термин "<" в выражении [C:\Users\User\source\repos\CarDiagnosticApp\CarDiagnosticApp.csproj::TargetFramework=net10.0-windows10.0.19041.0]
C:\Users\User\source\repos\CarDiagnosticApp\NewPage1.cs(7,2): error CS1525: Недопустимый термин "?" в выражении [C:\Users\User\source\repos\CarDiagnosticApp\CarDiagnosticApp.csproj::TargetFramework=net10.0-windows10.0.19041.0]
C:\Users\User\source\repos\CarDiagnosticApp\NewPage1.cs(7,8): error CS1003: Синтаксическая ошибка, требуется ":" [C:\Users\User\source\repos\CarDiagnosticApp\CarDiagnosticApp.csproj::TargetFramework=net10.0-windows10.0.19041.0]
C:\Users\User\source\repos\CarDiagnosticApp\NewPage1.cs(7,24): error CS1002: Требуется ";". [C:\Users\User\source\repos\CarDiagnosticApp\CarDiagnosticApp.csproj::TargetFramework=net10.0-windows10.0.19041.0]
C:\Users\User\source\repos\CarDiagnosticApp\NewPage1.cs(7,44): error CS1525: Недопустимый термин ">" в выражении [C:\Users\User\source\repos\CarDiagnosticApp\CarDiagnosticApp.csproj::TargetFramework=net10.0-windows10.0.19041.0]
C:\Users\User\source\repos\CarDiagnosticApp\NewPage1.cs(8,1): error CS1525: Недопустимый термин "<" в выражении [C:\Users\User\source\repos\CarDiagnosticApp\CarDiagnosticApp.csproj::TargetFramework=net10.0-windows10.0.19041.0]
C:\Users\User\source\repos\CarDiagnosticApp\NewPage1.cs(8,15): error CS1003: Синтаксическая ошибка, требуется ":" [C:\Users\User\source\repos\CarDiagnosticApp\CarDiagnosticApp.csproj::TargetFramework=net10.0-windows10.0.19041.0]
C:\Users\User\source\repos\CarDiagnosticApp\NewPage1.cs(8,70): error CS1002: Требуется ";". [C:\Users\User\source\repos\CarDiagnosticApp\CarDiagnosticApp.csproj::TargetFramework=net10.0-windows10.0.19041.0]
C:\Users\User\source\repos\CarDiagnosticApp\NewPage1.cs(9,71): error CS1002: Требуется ";". [C:\Users\User\source\repos\CarDiagnosticApp\CarDiagnosticApp.csproj::TargetFramework=net10.0-windows10.0.19041.0]
C:\Users\User\source\repos\CarDiagnosticApp\NewPage1.cs(10,54): error CS1002: Требуется ";". [C:\Users\User\source\repos\CarDiagnosticApp\CarDiagnosticApp.csproj::TargetFramework=net10.0-windows10.0.19041.0]
C:\Users\User\source\repos\CarDiagnosticApp\NewPage1.cs(14,5): error CS1525: Недопустимый термин "<" в выражении [C:\Users\User\source\repos\CarDiagnosticApp\CarDiagnosticApp.csproj::TargetFramework=net10.0-windows10.0.19041.0]
C:\Users\User\source\repos\CarDiagnosticApp\NewPage1.cs(15,9): error CS1525: Недопустимый термин "<" в выражении [C:\Users\User\source\repos\CarDiagnosticApp\CarDiagnosticApp.csproj::TargetFramework=net10.0-windows10.0.19041.0]
C:\Users\User\source\repos\CarDiagnosticApp\NewPage1.cs(15,31): error CS1002: Требуется ";". [C:\Users\User\source\repos\CarDiagnosticApp\CarDiagnosticApp.csproj::TargetFramework=net10.0-windows10.0.19041.0]
C:\Users\User\source\repos\CarDiagnosticApp\NewPage1.cs(15,46): error CS1002: Требуется ";". [C:\Users\User\source\repos\CarDiagnosticApp\CarDiagnosticApp.csproj::TargetFramework=net10.0-windows10.0.19041.0]
C:\Users\User\source\repos\CarDiagnosticApp\NewPage1.cs(16,13): error CS1525: Недопустимый термин "<" в выражении [C:\Users\User\source\repos\CarDiagnosticApp\CarDiagnosticApp.csproj::TargetFramework=net10.0-windows10.0.19041.0]
C:\Users\User\source\repos\CarDiagnosticApp\NewPage1.cs(16,21): error CS1002: Требуется ";". [C:\Users\User\source\repos\CarDiagnosticApp\CarDiagnosticApp.csproj::TargetFramework=net10.0-windows10.0.19041.0]
C:\Users\User\source\repos\CarDiagnosticApp\NewPage1.cs(16,44): error CS1002: Требуется ";". [C:\Users\User\source\repos\CarDiagnosticApp\CarDiagnosticApp.csproj::TargetFramework=net10.0-windows10.0.19041.0]
C:\Users\User\source\repos\CarDiagnosticApp\NewPage1.cs(17,41): error CS1002: Требуется ";". [C:\Users\User\source\repos\CarDiagnosticApp\CarDiagnosticApp.csproj::TargetFramework=net10.0-windows10.0.19041.0]
C:\Users\User\source\repos\CarDiagnosticApp\NewPage1.cs(18,37): error CS1525: Недопустимый термин ">" в выражении [C:\Users\User\source\repos\CarDiagnosticApp\CarDiagnosticApp.csproj::TargetFramework=net10.0-windows10.0.19041.0]
C:\Users\User\source\repos\CarDiagnosticApp\NewPage1.cs(21,13): error CS1525: Недопустимый термин "<" в выражении [C:\Users\User\source\repos\CarDiagnosticApp\CarDiagnosticApp.csproj::TargetFramework=net10.0-windows10.0.19041.0]
C:\Users\User\source\repos\CarDiagnosticApp\NewPage1.cs(21,22): error CS1002: Требуется ";". [C:\Users\User\source\repos\CarDiagnosticApp\CarDiagnosticApp.csproj::TargetFramework=net10.0-windows10.0.19041.0]
C:\Users\User\source\repos\CarDiagnosticApp\NewPage1.cs(21,44): error CS1002: Требуется ";". [C:\Users\User\source\repos\CarDiagnosticApp\CarDiagnosticApp.csproj::TargetFramework=net10.0-windows10.0.19041.0]
C:\Users\User\source\repos\CarDiagnosticApp\NewPage1.cs(22,48): error CS1002: Требуется ";". [C:\Users\User\source\repos\CarDiagnosticApp\CarDiagnosticApp.csproj::TargetFramework=net10.0-windows10.0.19041.0]
C:\Users\User\source\repos\CarDiagnosticApp\NewPage1.cs(23,40): error CS1002: Требуется ";". [C:\Users\User\source\repos\CarDiagnosticApp\CarDiagnosticApp.csproj::TargetFramework=net10.0-windows10.0.19041.0]
C:\Users\User\source\repos\CarDiagnosticApp\NewPage1.cs(24,48): error CS1525: Недопустимый термин ">" в выражении [C:\Users\User\source\repos\CarDiagnosticApp\CarDiagnosticApp.csproj::TargetFramework=net10.0-windows10.0.19041.0]
C:\Users\User\source\repos\CarDiagnosticApp\NewPage1.cs(25,9): error CS1525: Недопустимый термин "<" в выражении [C:\Users\User\source\repos\CarDiagnosticApp\CarDiagnosticApp.csproj::TargetFramework=net10.0-windows10.0.19041.0]
C:\Users\User\source\repos\CarDiagnosticApp\NewPage1.cs(25,10): error CS1525: Недопустимый термин "/" в выражении [C:\Users\User\source\repos\CarDiagnosticApp\CarDiagnosticApp.csproj::TargetFramework=net10.0-windows10.0.19041.0]
C:\Users\User\source\repos\CarDiagnosticApp\NewPage1.cs(26,5): error CS1525: Недопустимый термин "<" в выражении [C:\Users\User\source\repos\CarDiagnosticApp\CarDiagnosticApp.csproj::TargetFramework=net10.0-windows10.0.19041.0]
C:\Users\User\source\repos\CarDiagnosticApp\NewPage1.cs(26,6): error CS1525: Недопустимый термин "/" в выражении [C:\Users\User\source\repos\CarDiagnosticApp\CarDiagnosticApp.csproj::TargetFramework=net10.0-windows10.0.19041.0]
C:\Users\User\source\repos\CarDiagnosticApp\NewPage1.cs(27,1): error CS1525: Недопустимый термин "<" в выражении [C:\Users\User\source\repos\CarDiagnosticApp\CarDiagnosticApp.csproj::TargetFramework=net10.0-windows10.0.19041.0]
C:\Users\User\source\repos\CarDiagnosticApp\NewPage1.cs(27,2): error CS1525: Недопустимый термин "/" в выражении [C:\Users\User\source\repos\CarDiagnosticApp\CarDiagnosticApp.csproj::TargetFramework=net10.0-windows10.0.19041.0]
C:\Users\User\source\repos\CarDiagnosticApp\NewPage1.cs(27,17): error CS1733: Требуется выражение. [C:\Users\User\source\repos\CarDiagnosticApp\CarDiagnosticApp.csproj::TargetFramework=net10.0-windows10.0.19041.0]
C:\Users\User\source\repos\CarDiagnosticApp\NewPage1.cs(27,17): error CS1002: Требуется ";". [C:\Users\User\source\repos\CarDiagnosticApp\CarDiagnosticApp.csproj::TargetFramework=net10.0-windows10.0.19041.0]
